// Jest Snapshot v1, https://goo.gl/fbAQLP

exports[`Review should render correctly 1`] = `
<div
  className="review-container"
>
  <div
    className="review-profile-pic"
  >
    <img
      height={70}
      width={70}
    />
  </div>
  <div
    className="review-column"
    onClick={[Function]}
  >
    <div
      className="review-column-name"
    />
    <div
      className="review-column-date"
    />
    <div
      className="reviews-details-ratings-stars"
    >
      <div
        className="reviews-details-ratings-stars-top"
        style={
          Object {
            "width": "NaN%",
          }
        }
      >
        <span>
          ★
        </span>
        <span>
          ★
        </span>
        <span>
          ★
        </span>
        <span>
          ★
        </span>
        <span>
          ★
        </span>
      </div>
      <div
        className="reviews-details-ratings-stars-bottom"
      >
        <span>
          ★
        </span>
        <span>
          ★
        </span>
        <span>
          ★
        </span>
        <span>
          ★
        </span>
        <span>
          ★
        </span>
      </div>
    </div>
    <div
      className="review-column-text"
    >
      <LinesEllipsis
        basedOn="letters"
        className=""
        component="div"
        ellipsis="... See More"
        maxLine="3"
        text="undefined"
        trimRight={true}
      />
    </div>
  </div>
</div>
`;
